Archive member included because of file (symbol)

c:/program files (x86)/atmel/atmel toolchain/avr8 gcc/native/3.4.1061/avr8-gnu-toolchain/bin/../lib/gcc/avr/4.8.1/avr5\libgcc.a(_udivmodsi4.o)
                              main.o (__udivmodsi4)
c:/program files (x86)/atmel/atmel toolchain/avr8 gcc/native/3.4.1061/avr8-gnu-toolchain/bin/../lib/gcc/avr/4.8.1/avr5\libgcc.a(_exit.o)
                              c:/program files (x86)/atmel/atmel toolchain/avr8 gcc/native/3.4.1061/avr8-gnu-toolchain/bin/../lib/gcc/avr/4.8.1/../../../../avr/lib/avr5/crtm328p.o (exit)
c:/program files (x86)/atmel/atmel toolchain/avr8 gcc/native/3.4.1061/avr8-gnu-toolchain/bin/../lib/gcc/avr/4.8.1/avr5\libgcc.a(_copy_data.o)
                              main.o (__do_copy_data)
c:/program files (x86)/atmel/atmel toolchain/avr8 gcc/native/3.4.1061/avr8-gnu-toolchain/bin/../lib/gcc/avr/4.8.1/avr5\libgcc.a(_clear_bss.o)
                              main.o (__do_clear_bss)
c:/program files (x86)/atmel/atmel toolchain/avr8 gcc/native/3.4.1061/avr8-gnu-toolchain/bin/../lib/gcc/avr/4.8.1/../../../../avr/lib/avr5\libc.a(atoi.o)
                              main.o (atoi)
c:/program files (x86)/atmel/atmel toolchain/avr8 gcc/native/3.4.1061/avr8-gnu-toolchain/bin/../lib/gcc/avr/4.8.1/../../../../avr/lib/avr5\libc.a(strtok.o)
                              main.o (strtok)
c:/program files (x86)/atmel/atmel toolchain/avr8 gcc/native/3.4.1061/avr8-gnu-toolchain/bin/../lib/gcc/avr/4.8.1/../../../../avr/lib/avr5\libc.a(strcmp.o)
                              main.o (strcmp)
c:/program files (x86)/atmel/atmel toolchain/avr8 gcc/native/3.4.1061/avr8-gnu-toolchain/bin/../lib/gcc/avr/4.8.1/../../../../avr/lib/avr5\libc.a(strtok_r.o)
                              c:/program files (x86)/atmel/atmel toolchain/avr8 gcc/native/3.4.1061/avr8-gnu-toolchain/bin/../lib/gcc/avr/4.8.1/../../../../avr/lib/avr5\libc.a(strtok.o) (strtok_r)
c:/program files (x86)/atmel/atmel toolchain/avr8 gcc/native/3.4.1061/avr8-gnu-toolchain/bin/../lib/gcc/avr/4.8.1/../../../../avr/lib/avr5\libc.a(mul10.o)
                              c:/program files (x86)/atmel/atmel toolchain/avr8 gcc/native/3.4.1061/avr8-gnu-toolchain/bin/../lib/gcc/avr/4.8.1/../../../../avr/lib/avr5\libc.a(atoi.o) (__mulhi_const_10)
c:/program files (x86)/atmel/atmel toolchain/avr8 gcc/native/3.4.1061/avr8-gnu-toolchain/bin/../lib/gcc/avr/4.8.1/../../../../avr/lib/avr5\libc.a(iob.o)
                              main.o (__iob)

Allocating common symbols
Common symbol       size              file

nrf24l01p_feature   0x1               main.o
nrf24l01p_rx_addr_p3
                    0x1               main.o
nrf24l01p_fifo_status
                    0x1               main.o
nrf24l01p_rpd       0x1               main.o
nrf24l01p_config    0x1               main.o
nrf24l01p_rx_pw     0x6               main.o
nrf24l01p_tx_addr   0x5               main.o
nrf24l01p_rx_addr_p1
                    0x5               main.o
nrf24l01p_rx_addr_p0
                    0x5               main.o
mode                0x1               main.o
nrf24l01p_rx_addr_p4
                    0x1               main.o
nrf24l01p_dynpd     0x1               main.o
nrf24l01p_observe_tx
                    0x1               main.o
nrf24l01p_status    0x1               main.o
nrf24l01p_rx_addr_p2
                    0x1               main.o
nrf24l01p_rf_ch     0x1               main.o
nrf24l01p_rf_setup  0x1               main.o
nrf24l01p_rx_addr_p5
                    0x1               main.o
nrf24l01p_setup_aw  0x1               main.o
nrf24l01p_en_aa     0x1               main.o
nrf24l01p_en_rxaddr
                    0x1               main.o
__iob               0x6               c:/program files (x86)/atmel/atmel toolchain/avr8 gcc/native/3.4.1061/avr8-gnu-toolchain/bin/../lib/gcc/avr/4.8.1/../../../../avr/lib/avr5\libc.a(iob.o)
nrf24l01p_setup_retr
                    0x1               main.o

Discarded input sections

 .data          0x00000000        0x0 c:/program files (x86)/atmel/atmel toolchain/avr8 gcc/native/3.4.1061/avr8-gnu-toolchain/bin/../lib/gcc/avr/4.8.1/../../../../avr/lib/avr5/crtm328p.o
 .bss           0x00000000        0x0 c:/program files (x86)/atmel/atmel toolchain/avr8 gcc/native/3.4.1061/avr8-gnu-toolchain/bin/../lib/gcc/avr/4.8.1/../../../../avr/lib/avr5/crtm328p.o
 .text          0x00000000        0x0 main.o
 .data          0x00000000        0x0 main.o
 .bss           0x00000000        0x0 main.o
 .text.uart_putchar
                0x00000000       0x22 main.o
 .text.uart_getchar
                0x00000000       0x1e main.o
 .text.spi_master_initialize
                0x00000000       0x10 main.o
 .text.spi_master_transmit_byte
                0x00000000        0xa main.o
 .text.spi_master_receive_byte
                0x00000000       0x16 main.o
 .text.spi_master_transmit_byte_ref
                0x00000000        0xe main.o
 .text.spi_master_transmit_byte_val
                0x00000000        0xc main.o
 .text.spi_master_receive_byte_ref
                0x00000000       0x16 main.o
 .text.spi_master_byte_trade
                0x00000000       0x14 main.o
 .text.nrf24l01p_init
                0x00000000        0x4 main.o
 .text.ce_pin   0x00000000        0x6 main.o
 .text.csn_pin  0x00000000        0x6 main.o
 .text.nrf24l01p_read_register
                0x00000000       0x46 main.o
 .text.nrf24l01p_write_register
                0x00000000       0x48 main.o
 .text.nrf24l01p_read_payload
                0x00000000       0x46 main.o
 .text.nrf24l01p_write_payload
                0x00000000       0x46 main.o
 .text.nrf24l01p_flush_tx
                0x00000000       0x12 main.o
 .text.nrf24l01p_flush_rx
                0x00000000       0x12 main.o
 .text.nrf24l01p_reuse_tx_payload
                0x00000000       0x12 main.o
 .text.nrf24l01p_read_rx_payload_width
                0x00000000       0x22 main.o
 .text.nrf24l01p_write_config
                0x00000000       0x12 main.o
 .text.nrf24l01p_read_config
                0x00000000       0x14 main.o
 .text.nrf24l01p_power_up
                0x00000000       0x26 main.o
 .text.nrf24l01p_power_down
                0x00000000       0x26 main.o
 .text.nrf24l01p_rx_mode
                0x00000000       0x26 main.o
 .text.nrf24l01p_tx_mode
                0x00000000       0x26 main.o
 .text.nrf24l01p_enable_crc
                0x00000000       0x26 main.o
 .text.nrf24l01p_disable_crc
                0x00000000       0x26 main.o
 .text.nrf24l01p_crc_encoding_scheme
                0x00000000       0x34 main.o
 .text.nrf24l01p_write_en_aa
                0x00000000       0x12 main.o
 .text.nrf24l01p_read_en_aa
                0x00000000       0x14 main.o
 .text.nrf24l01p_enable_auto_acknowledge
                0x00000000       0x38 main.o
 .text.nrf24l01p_disable_auto_acknowledge
                0x00000000       0x3a main.o
 .text.nrf24l01p_write_en_rxaddr
                0x00000000       0x12 main.o
 .text.nrf24l01p_read_en_rxaddr
                0x00000000       0x14 main.o
 .text.nrf24l01p_enable_rx_pipe
                0x00000000       0x38 main.o
 .text.nrf24l01p_disable_rx_pipe
                0x00000000       0x3a main.o
 .text.nrf24l01p_write_setup_aw
                0x00000000       0x12 main.o
 .text.nrf24l01p_read_setup_aw
                0x00000000       0x14 main.o
 .text.nrf24l01p_write_setup_retr
                0x00000000       0x12 main.o
 .text.nrf24l01p_read_setup_retr
                0x00000000       0x14 main.o
 .text.nrf24l01p_set_auto_retransmit_delay
                0x00000000       0x36 main.o
 .text.nrf24l01p_set_auto_retransmit_count
                0x00000000       0x2e main.o
 .text.nrf24l01p_write_rf_ch
                0x00000000       0x12 main.o
 .text.nrf24l01p_read_rf_ch
                0x00000000       0x14 main.o
 .text.nrf24l01p_write_rf_setup
                0x00000000       0x12 main.o
 .text.nrf24l01p_read_rf_setup
                0x00000000       0x14 main.o
 .text.nrf24l01p_write_status
                0x00000000       0x12 main.o
 .text.nrf24l01p_read_status
                0x00000000       0x14 main.o
 .text.nrf24l01p_tx_full_flag
                0x00000000       0x16 main.o
 .text.nrf24l01p_rx_pipe_no
                0x00000000       0x18 main.o
 .text.nrf24l01p_max_rt_flag
                0x00000000       0x18 main.o
 .text.nrf24l01p_clear_max_rt_flag
                0x00000000       0x26 main.o
 .text.nrf24l01p_data_sent_flag
                0x00000000       0x1a main.o
 .text.nrf24l01p_clear_data_sent_flag
                0x00000000       0x26 main.o
 .text.nrf24l01p_data_ready_flag
                0x00000000       0x1a main.o
 .text.nrf24l01p_clear_data_ready_flag
                0x00000000       0x26 main.o
 .text.nrf24l01p_read_observe_tx
                0x00000000       0x14 main.o
 .text.nrf24l01p_lost_packets_count
                0x00000000       0x18 main.o
 .text.nrf24l01p_retransmitted_packet_count
                0x00000000       0x16 main.o
 .text.nrf24l01p_read_rpd
                0x00000000       0x14 main.o
 .text.nrf24l01p_write_rx_addr_p0
                0x00000000        0xe main.o
 .text.nrf24l01p_read_rx_addr_p0
                0x00000000        0xe main.o
 .text.nrf24l01p_write_rx_addr_p1
                0x00000000        0xe main.o
 .text.nrf24l01p_read_rx_addr_p1
                0x00000000        0xe main.o
 .text.nrf24l01p_write_rx_addr_p2
                0x00000000        0xe main.o
 .text.nrf24l01p_read_rx_addr_p2
                0x00000000        0xe main.o
 .text.nrf24l01p_write_rx_addr_p3
                0x00000000        0xe main.o
 .text.nrf24l01p_read_rx_addr_p3
                0x00000000        0xe main.o
 .text.nrf24l01p_write_rx_addr_p4
                0x00000000        0xe main.o
 .text.nrf24l01p_read_rx_addr_p4
                0x00000000        0xe main.o
 .text.nrf24l01p_write_rx_addr_p5
                0x00000000        0xe main.o
 .text.nrf24l01p_read_rx_addr_p5
                0x00000000        0xe main.o
 .text.nrf24l01p_write_tx_addr
                0x00000000        0xe main.o
 .text.nrf24l01p_read_tx_addr
                0x00000000        0xe main.o
 .text.nrf24l01p_write_rx_pw
                0x00000000       0x16 main.o
 .text.nrf24l01p_read_rx_pw
                0x00000000       0x20 main.o
 .text.nrf24l01p_read_fifo_status
                0x00000000       0x14 main.o
 .text.nrf24l01p_read_rx_fifo_empty_flag
                0x00000000        0xc main.o
 .text.nrf24l01p_write_dynpd
                0x00000000       0x12 main.o
 .text.nrf24l01p_read_dynpd
                0x00000000       0x14 main.o
 .text.nrf24l01p_enable_dynamic_payload
                0x00000000       0x38 main.o
 .text.nrf24l01p_disable_dynamic_payload
                0x00000000       0x3a main.o
 .text.nrf24l01p_write_feature
                0x00000000       0x12 main.o
 .text.nrf24l01p_read_feature
                0x00000000       0x14 main.o
 .text.nrf24l01p_enable_feature_dynamic_payload
                0x00000000       0x26 main.o
 .text.nrf24l01p_disable_feature_dynamic_payload
                0x00000000       0x26 main.o
 .text.nrf24l01p_enable_feature_payload_with_ack
                0x00000000       0x26 main.o
 .text.nrf24l01p_disable_feature_payload_with_ack
                0x00000000       0x26 main.o
 .text.nrf24l01p_enable_w_tx_payload_noack
                0x00000000       0x26 main.o
 .text.nrf24l01p_disable_w_tx_payload_noack
                0x00000000       0x26 main.o
 .text.readable
                0x00000000       0x30 main.o
 .text.power_up
                0x00000000       0x18 main.o
 .text.power_down
                0x00000000        0xc main.o
 .text.set_transmit_mode
                0x00000000       0x18 main.o
 .text.set_receive_mode
                0x00000000       0x18 main.o
 .text.write    0x00000000       0xa6 main.o
 .text.read     0x00000000       0xb8 main.o
 .text.nrf_startup
                0x00000000       0x30 main.o
 .text.stdio_serial_initialize
                0x00000000       0x16 main.o
 .data.uart_str
                0x00000000        0xe main.o
 .bss.csn_value
                0x00000000        0x1 main.o
 .bss.ce_value  0x00000000        0x1 main.o
 COMMON         0x00000000       0x27 main.o
 .text          0x00000000        0x0 c:/program files (x86)/atmel/atmel toolchain/avr8 gcc/native/3.4.1061/avr8-gnu-toolchain/bin/../lib/gcc/avr/4.8.1/avr5\libgcc.a(_udivmodsi4.o)
 .data          0x00000000        0x0 c:/program files (x86)/atmel/atmel toolchain/avr8 gcc/native/3.4.1061/avr8-gnu-toolchain/bin/../lib/gcc/avr/4.8.1/avr5\libgcc.a(_udivmodsi4.o)
 .bss           0x00000000        0x0 c:/program files (x86)/atmel/atmel toolchain/avr8 gcc/native/3.4.1061/avr8-gnu-toolchain/bin/../lib/gcc/avr/4.8.1/avr5\libgcc.a(_udivmodsi4.o)
 .text.libgcc.mul
                0x00000000        0x0 c:/program files (x86)/atmel/atmel toolchain/avr8 gcc/native/3.4.1061/avr8-gnu-toolchain/bin/../lib/gcc/avr/4.8.1/avr5\libgcc.a(_udivmodsi4.o)
 .text.libgcc   0x00000000        0x0 c:/program files (x86)/atmel/atmel toolchain/avr8 gcc/native/3.4.1061/avr8-gnu-toolchain/bin/../lib/gcc/avr/4.8.1/avr5\libgcc.a(_udivmodsi4.o)
 .text.libgcc.prologue
                0x00000000        0x0 c:/program files (x86)/atmel/atmel toolchain/avr8 gcc/native/3.4.1061/avr8-gnu-toolchain/bin/../lib/gcc/avr/4.8.1/avr5\libgcc.a(_udivmodsi4.o)
 .text.libgcc.builtins
                0x00000000        0x0 c:/program files (x86)/atmel/atmel toolchain/avr8 gcc/native/3.4.1061/avr8-gnu-toolchain/bin/../lib/gcc/avr/4.8.1/avr5\libgcc.a(_udivmodsi4.o)
 .text.libgcc.fmul
                0x00000000        0x0 c:/program files (x86)/atmel/atmel toolchain/avr8 gcc/native/3.4.1061/avr8-gnu-toolchain/bin/../lib/gcc/avr/4.8.1/avr5\libgcc.a(_udivmodsi4.o)
 .text.libgcc.fixed
                0x00000000        0x0 c:/program files (x86)/atmel/atmel toolchain/avr8 gcc/native/3.4.1061/avr8-gnu-toolchain/bin/../lib/gcc/avr/4.8.1/avr5\libgcc.a(_udivmodsi4.o)
 .text          0x00000000        0x0 c:/program files (x86)/atmel/atmel toolchain/avr8 gcc/native/3.4.1061/avr8-gnu-toolchain/bin/../lib/gcc/avr/4.8.1/avr5\libgcc.a(_exit.o)
 .data          0x00000000        0x0 c:/program files (x86)/atmel/atmel toolchain/avr8 gcc/native/3.4.1061/avr8-gnu-toolchain/bin/../lib/gcc/avr/4.8.1/avr5\libgcc.a(_exit.o)
 .bss           0x00000000        0x0 c:/program files (x86)/atmel/atmel toolchain/avr8 gcc/native/3.4.1061/avr8-gnu-toolchain/bin/../lib/gcc/avr/4.8.1/avr5\libgcc.a(_exit.o)
 .text.libgcc.mul
                0x00000000        0x0 c:/program files (x86)/atmel/atmel toolchain/avr8 gcc/native/3.4.1061/avr8-gnu-toolchain/bin/../lib/gcc/avr/4.8.1/avr5\libgcc.a(_exit.o)
 .text.libgcc.div
                0x00000000        0x0 c:/program files (x86)/atmel/atmel toolchain/avr8 gcc/native/3.4.1061/avr8-gnu-toolchain/bin/../lib/gcc/avr/4.8.1/avr5\libgcc.a(_exit.o)
 .text.libgcc   0x00000000        0x0 c:/program files (x86)/atmel/atmel toolchain/avr8 gcc/native/3.4.1061/avr8-gnu-toolchain/bin/../lib/gcc/avr/4.8.1/avr5\libgcc.a(_exit.o)
 .text.libgcc.prologue
                0x00000000        0x0 c:/program files (x86)/atmel/atmel toolchain/avr8 gcc/native/3.4.1061/avr8-gnu-toolchain/bin/../lib/gcc/avr/4.8.1/avr5\libgcc.a(_exit.o)
 .text.libgcc.builtins
                0x00000000        0x0 c:/program files (x86)/atmel/atmel toolchain/avr8 gcc/native/3.4.1061/avr8-gnu-toolchain/bin/../lib/gcc/avr/4.8.1/avr5\libgcc.a(_exit.o)
 .text.libgcc.fmul
                0x00000000        0x0 c:/program files (x86)/atmel/atmel toolchain/avr8 gcc/native/3.4.1061/avr8-gnu-toolchain/bin/../lib/gcc/avr/4.8.1/avr5\libgcc.a(_exit.o)
 .text.libgcc.fixed
                0x00000000        0x0 c:/program files (x86)/atmel/atmel toolchain/avr8 gcc/native/3.4.1061/avr8-gnu-toolchain/bin/../lib/gcc/avr/4.8.1/avr5\libgcc.a(_exit.o)
 .text          0x00000000        0x0 c:/program files (x86)/atmel/atmel toolchain/avr8 gcc/native/3.4.1061/avr8-gnu-toolchain/bin/../lib/gcc/avr/4.8.1/avr5\libgcc.a(_copy_data.o)
 .data          0x00000000        0x0 c:/program files (x86)/atmel/atmel toolchain/avr8 gcc/native/3.4.1061/avr8-gnu-toolchain/bin/../lib/gcc/avr/4.8.1/avr5\libgcc.a(_copy_data.o)
 .bss           0x00000000        0x0 c:/program files (x86)/atmel/atmel toolchain/avr8 gcc/native/3.4.1061/avr8-gnu-toolchain/bin/../lib/gcc/avr/4.8.1/avr5\libgcc.a(_copy_data.o)
 .text.libgcc.mul
                0x00000000        0x0 c:/program files (x86)/atmel/atmel toolchain/avr8 gcc/native/3.4.1061/avr8-gnu-toolchain/bin/../lib/gcc/avr/4.8.1/avr5\libgcc.a(_copy_data.o)
 .text.libgcc.div
                0x00000000        0x0 c:/program files (x86)/atmel/atmel toolchain/avr8 gcc/native/3.4.1061/avr8-gnu-toolchain/bin/../lib/gcc/avr/4.8.1/avr5\libgcc.a(_copy_data.o)
 .text.libgcc   0x00000000        0x0 c:/program files (x86)/atmel/atmel toolchain/avr8 gcc/native/3.4.1061/avr8-gnu-toolchain/bin/../lib/gcc/avr/4.8.1/avr5\libgcc.a(_copy_data.o)
 .text.libgcc.prologue
                0x00000000        0x0 c:/program files (x86)/atmel/atmel toolchain/avr8 gcc/native/3.4.1061/avr8-gnu-toolchain/bin/../lib/gcc/avr/4.8.1/avr5\libgcc.a(_copy_data.o)
 .text.libgcc.builtins
                0x00000000        0x0 c:/program files (x86)/atmel/atmel toolchain/avr8 gcc/native/3.4.1061/avr8-gnu-toolchain/bin/../lib/gcc/avr/4.8.1/avr5\libgcc.a(_copy_data.o)
 .text.libgcc.fmul
                0x00000000        0x0 c:/program files (x86)/atmel/atmel toolchain/avr8 gcc/native/3.4.1061/avr8-gnu-toolchain/bin/../lib/gcc/avr/4.8.1/avr5\libgcc.a(_copy_data.o)
 .text.libgcc.fixed
                0x00000000        0x0 c:/program files (x86)/atmel/atmel toolchain/avr8 gcc/native/3.4.1061/avr8-gnu-toolchain/bin/../lib/gcc/avr/4.8.1/avr5\libgcc.a(_copy_data.o)
 .text          0x00000000        0x0 c:/program files (x86)/atmel/atmel toolchain/avr8 gcc/native/3.4.1061/avr8-gnu-toolchain/bin/../lib/gcc/avr/4.8.1/avr5\libgcc.a(_clear_bss.o)
 .data          0x00000000        0x0 c:/program files (x86)/atmel/atmel toolchain/avr8 gcc/native/3.4.1061/avr8-gnu-toolchain/bin/../lib/gcc/avr/4.8.1/avr5\libgcc.a(_clear_bss.o)
 .bss           0x00000000        0x0 c:/program files (x86)/atmel/atmel toolchain/avr8 gcc/native/3.4.1061/avr8-gnu-toolchain/bin/../lib/gcc/avr/4.8.1/avr5\libgcc.a(_clear_bss.o)
 .text.libgcc.mul
                0x00000000        0x0 c:/program files (x86)/atmel/atmel toolchain/avr8 gcc/native/3.4.1061/avr8-gnu-toolchain/bin/../lib/gcc/avr/4.8.1/avr5\libgcc.a(_clear_bss.o)
 .text.libgcc.div
                0x00000000        0x0 c:/program files (x86)/atmel/atmel toolchain/avr8 gcc/native/3.4.1061/avr8-gnu-toolchain/bin/../lib/gcc/avr/4.8.1/avr5\libgcc.a(_clear_bss.o)
 .text.libgcc   0x00000000        0x0 c:/program files (x86)/atmel/atmel toolchain/avr8 gcc/native/3.4.1061/avr8-gnu-toolchain/bin/../lib/gcc/avr/4.8.1/avr5\libgcc.a(_clear_bss.o)
 .text.libgcc.prologue
                0x00000000        0x0 c:/program files (x86)/atmel/atmel toolchain/avr8 gcc/native/3.4.1061/avr8-gnu-toolchain/bin/../lib/gcc/avr/4.8.1/avr5\libgcc.a(_clear_bss.o)
 .text.libgcc.builtins
                0x00000000        0x0 c:/program files (x86)/atmel/atmel toolchain/avr8 gcc/native/3.4.1061/avr8-gnu-toolchain/bin/../lib/gcc/avr/4.8.1/avr5\libgcc.a(_clear_bss.o)
 .text.libgcc.fmul
                0x00000000        0x0 c:/program files (x86)/atmel/atmel toolchain/avr8 gcc/native/3.4.1061/avr8-gnu-toolchain/bin/../lib/gcc/avr/4.8.1/avr5\libgcc.a(_clear_bss.o)
 .text.libgcc.fixed
                0x00000000        0x0 c:/program files (x86)/atmel/atmel toolchain/avr8 gcc/native/3.4.1061/avr8-gnu-toolchain/bin/../lib/gcc/avr/4.8.1/avr5\libgcc.a(_clear_bss.o)
 .text          0x00000000        0x0 c:/program files (x86)/atmel/atmel toolchain/avr8 gcc/native/3.4.1061/avr8-gnu-toolchain/bin/../lib/gcc/avr/4.8.1/../../../../avr/lib/avr5\libc.a(atoi.o)
 .data          0x00000000        0x0 c:/program files (x86)/atmel/atmel toolchain/avr8 gcc/native/3.4.1061/avr8-gnu-toolchain/bin/../lib/gcc/avr/4.8.1/../../../../avr/lib/avr5\libc.a(atoi.o)
 .bss           0x00000000        0x0 c:/program files (x86)/atmel/atmel toolchain/avr8 gcc/native/3.4.1061/avr8-gnu-toolchain/bin/../lib/gcc/avr/4.8.1/../../../../avr/lib/avr5\libc.a(atoi.o)
 .text          0x00000000        0x0 c:/program files (x86)/atmel/atmel toolchain/avr8 gcc/native/3.4.1061/avr8-gnu-toolchain/bin/../lib/gcc/avr/4.8.1/../../../../avr/lib/avr5\libc.a(strtok.o)
 .data          0x00000000        0x0 c:/program files (x86)/atmel/atmel toolchain/avr8 gcc/native/3.4.1061/avr8-gnu-toolchain/bin/../lib/gcc/avr/4.8.1/../../../../avr/lib/avr5\libc.a(strtok.o)
 .text          0x00000000        0x0 c:/program files (x86)/atmel/atmel toolchain/avr8 gcc/native/3.4.1061/avr8-gnu-toolchain/bin/../lib/gcc/avr/4.8.1/../../../../avr/lib/avr5\libc.a(strcmp.o)
 .data          0x00000000        0x0 c:/program files (x86)/atmel/atmel toolchain/avr8 gcc/native/3.4.1061/avr8-gnu-toolchain/bin/../lib/gcc/avr/4.8.1/../../../../avr/lib/avr5\libc.a(strcmp.o)
 .bss           0x00000000        0x0 c:/program files (x86)/atmel/atmel toolchain/avr8 gcc/native/3.4.1061/avr8-gnu-toolchain/bin/../lib/gcc/avr/4.8.1/../../../../avr/lib/avr5\libc.a(strcmp.o)
 .text          0x00000000        0x0 c:/program files (x86)/atmel/atmel toolchain/avr8 gcc/native/3.4.1061/avr8-gnu-toolchain/bin/../lib/gcc/avr/4.8.1/../../../../avr/lib/avr5\libc.a(strtok_r.o)
 .data          0x00000000        0x0 c:/program files (x86)/atmel/atmel toolchain/avr8 gcc/native/3.4.1061/avr8-gnu-toolchain/bin/../lib/gcc/avr/4.8.1/../../../../avr/lib/avr5\libc.a(strtok_r.o)
 .bss           0x00000000        0x0 c:/program files (x86)/atmel/atmel toolchain/avr8 gcc/native/3.4.1061/avr8-gnu-toolchain/bin/../lib/gcc/avr/4.8.1/../../../../avr/lib/avr5\libc.a(strtok_r.o)
 .text          0x00000000        0x0 c:/program files (x86)/atmel/atmel toolchain/avr8 gcc/native/3.4.1061/avr8-gnu-toolchain/bin/../lib/gcc/avr/4.8.1/../../../../avr/lib/avr5\libc.a(mul10.o)
 .data          0x00000000        0x0 c:/program files (x86)/atmel/atmel toolchain/avr8 gcc/native/3.4.1061/avr8-gnu-toolchain/bin/../lib/gcc/avr/4.8.1/../../../../avr/lib/avr5\libc.a(mul10.o)
 .bss           0x00000000        0x0 c:/program files (x86)/atmel/atmel toolchain/avr8 gcc/native/3.4.1061/avr8-gnu-toolchain/bin/../lib/gcc/avr/4.8.1/../../../../avr/lib/avr5\libc.a(mul10.o)
 .text          0x00000000        0x0 c:/program files (x86)/atmel/atmel toolchain/avr8 gcc/native/3.4.1061/avr8-gnu-toolchain/bin/../lib/gcc/avr/4.8.1/../../../../avr/lib/avr5\libc.a(iob.o)
 .data          0x00000000        0x0 c:/program files (x86)/atmel/atmel toolchain/avr8 gcc/native/3.4.1061/avr8-gnu-toolchain/bin/../lib/gcc/avr/4.8.1/../../../../avr/lib/avr5\libc.a(iob.o)
 .bss           0x00000000        0x0 c:/program files (x86)/atmel/atmel toolchain/avr8 gcc/native/3.4.1061/avr8-gnu-toolchain/bin/../lib/gcc/avr/4.8.1/../../../../avr/lib/avr5\libc.a(iob.o)
 .comment       0x00000000       0x31 c:/program files (x86)/atmel/atmel toolchain/avr8 gcc/native/3.4.1061/avr8-gnu-toolchain/bin/../lib/gcc/avr/4.8.1/../../../../avr/lib/avr5\libc.a(iob.o)
 COMMON         0x00000000        0x6 c:/program files (x86)/atmel/atmel toolchain/avr8 gcc/native/3.4.1061/avr8-gnu-toolchain/bin/../lib/gcc/avr/4.8.1/../../../../avr/lib/avr5\libc.a(iob.o)

Memory Configuration

Name             Origin             Length             Attributes
text             0x00000000         0x00020000         xr
data             0x00800060         0x0000ffa0         rw !x
eeprom           0x00810000         0x00010000         rw !x
fuse             0x00820000         0x00000400         rw !x
lock             0x00830000         0x00000400         rw !x
signature        0x00840000         0x00000400         rw !x
user_signatures  0x00850000         0x00000400         rw !x
*default*        0x00000000         0xffffffff

Linker script and memory map

Address of section .data set to 0x800100
LOAD c:/program files (x86)/atmel/atmel toolchain/avr8 gcc/native/3.4.1061/avr8-gnu-toolchain/bin/../lib/gcc/avr/4.8.1/../../../../avr/lib/avr5/crtm328p.o
LOAD main.o
START GROUP
LOAD c:/program files (x86)/atmel/atmel toolchain/avr8 gcc/native/3.4.1061/avr8-gnu-toolchain/bin/../lib/gcc/avr/4.8.1/../../../../avr/lib/avr5\libm.a
END GROUP
Address of section .text set to 0x7000
START GROUP
LOAD c:/program files (x86)/atmel/atmel toolchain/avr8 gcc/native/3.4.1061/avr8-gnu-toolchain/bin/../lib/gcc/avr/4.8.1/avr5\libgcc.a
LOAD c:/program files (x86)/atmel/atmel toolchain/avr8 gcc/native/3.4.1061/avr8-gnu-toolchain/bin/../lib/gcc/avr/4.8.1/../../../../avr/lib/avr5\libm.a
LOAD c:/program files (x86)/atmel/atmel toolchain/avr8 gcc/native/3.4.1061/avr8-gnu-toolchain/bin/../lib/gcc/avr/4.8.1/../../../../avr/lib/avr5\libc.a
END GROUP

.hash
 *(.hash)

.dynsym
 *(.dynsym)

.dynstr
 *(.dynstr)

.gnu.version
 *(.gnu.version)

.gnu.version_d
 *(.gnu.version_d)

.gnu.version_r
 *(.gnu.version_r)

.rel.init
 *(.rel.init)

.rela.init
 *(.rela.init)

.rel.text
 *(.rel.text)
 *(.rel.text.*)
 *(.rel.gnu.linkonce.t*)

.rela.text
 *(.rela.text)
 *(.rela.text.*)
 *(.rela.gnu.linkonce.t*)

.rel.fini
 *(.rel.fini)

.rela.fini
 *(.rela.fini)

.rel.rodata
 *(.rel.rodata)
 *(.rel.rodata.*)
 *(.rel.gnu.linkonce.r*)

.rela.rodata
 *(.rela.rodata)
 *(.rela.rodata.*)
 *(.rela.gnu.linkonce.r*)

.rel.data
 *(.rel.data)
 *(.rel.data.*)
 *(.rel.gnu.linkonce.d*)

.rela.data
 *(.rela.data)
 *(.rela.data.*)
 *(.rela.gnu.linkonce.d*)

.rel.ctors
 *(.rel.ctors)

.rela.ctors
 *(.rela.ctors)

.rel.dtors
 *(.rel.dtors)

.rela.dtors
 *(.rela.dtors)

.rel.got
 *(.rel.got)

.rela.got
 *(.rela.got)

.rel.bss
 *(.rel.bss)

.rela.bss
 *(.rela.bss)

.rel.plt
 *(.rel.plt)

.rela.plt
 *(.rela.plt)

.text           0x00007000      0x45a
 *(.vectors)
 .vectors       0x00007000       0x68 c:/program files (x86)/atmel/atmel toolchain/avr8 gcc/native/3.4.1061/avr8-gnu-toolchain/bin/../lib/gcc/avr/4.8.1/../../../../avr/lib/avr5/crtm328p.o
                0x00007000                __vector_default
                0x00007000                __vectors
 *(.vectors)
 *(.progmem.gcc*)
                0x00007068                . = ALIGN (0x2)
                0x00007068                __trampolines_start = .
 *(.trampolines)
 .trampolines   0x00007068        0x0 linker stubs
 *(.trampolines*)
                0x00007068                __trampolines_end = .
 *(.progmem*)
                0x00007068                . = ALIGN (0x2)
 *(.jumptables)
 *(.jumptables*)
 *(.lowtext)
 *(.lowtext*)
                0x00007068                __ctors_start = .
 *(.ctors)
                0x00007068                __ctors_end = .
                0x00007068                __dtors_start = .
 *(.dtors)
                0x00007068                __dtors_end = .
 SORT(*)(.ctors)
 SORT(*)(.dtors)
 *(.init0)
 .init0         0x00007068        0x0 c:/program files (x86)/atmel/atmel toolchain/avr8 gcc/native/3.4.1061/avr8-gnu-toolchain/bin/../lib/gcc/avr/4.8.1/../../../../avr/lib/avr5/crtm328p.o
                0x00007068                __init
 *(.init0)
 *(.init1)
 *(.init1)
 *(.init2)
 .init2         0x00007068        0xc c:/program files (x86)/atmel/atmel toolchain/avr8 gcc/native/3.4.1061/avr8-gnu-toolchain/bin/../lib/gcc/avr/4.8.1/../../../../avr/lib/avr5/crtm328p.o
 *(.init2)
 *(.init3)
 *(.init3)
 *(.init4)
 .init4         0x00007074       0x16 c:/program files (x86)/atmel/atmel toolchain/avr8 gcc/native/3.4.1061/avr8-gnu-toolchain/bin/../lib/gcc/avr/4.8.1/avr5\libgcc.a(_copy_data.o)
                0x00007074                __do_copy_data
 .init4         0x0000708a       0x10 c:/program files (x86)/atmel/atmel toolchain/avr8 gcc/native/3.4.1061/avr8-gnu-toolchain/bin/../lib/gcc/avr/4.8.1/avr5\libgcc.a(_clear_bss.o)
                0x0000708a                __do_clear_bss
 *(.init4)
 *(.init5)
 *(.init5)
 *(.init6)
 *(.init6)
 *(.init7)
 *(.init7)
 *(.init8)
 *(.init8)
 *(.init9)
 .init9         0x0000709a        0x8 c:/program files (x86)/atmel/atmel toolchain/avr8 gcc/native/3.4.1061/avr8-gnu-toolchain/bin/../lib/gcc/avr/4.8.1/../../../../avr/lib/avr5/crtm328p.o
 *(.init9)
 *(.text)
 .text          0x000070a2        0x4 c:/program files (x86)/atmel/atmel toolchain/avr8 gcc/native/3.4.1061/avr8-gnu-toolchain/bin/../lib/gcc/avr/4.8.1/../../../../avr/lib/avr5/crtm328p.o
                0x000070a2                __vector_22
                0x000070a2                __vector_1
                0x000070a2                __vector_24
                0x000070a2                __vector_12
                0x000070a2                __bad_interrupt
                0x000070a2                __vector_6
                0x000070a2                __vector_3
                0x000070a2                __vector_23
                0x000070a2                __vector_25
                0x000070a2                __vector_11
                0x000070a2                __vector_13
                0x000070a2                __vector_17
                0x000070a2                __vector_19
                0x000070a2                __vector_7
                0x000070a2                __vector_5
                0x000070a2                __vector_4
                0x000070a2                __vector_9
                0x000070a2                __vector_2
                0x000070a2                __vector_21
                0x000070a2                __vector_15
                0x000070a2                __vector_8
                0x000070a2                __vector_14
                0x000070a2                __vector_10
                0x000070a2                __vector_16
                0x000070a2                __vector_18
                0x000070a2                __vector_20
                0x000070a6                . = ALIGN (0x2)
 *(.text.*)
 .text.USART0_Init
                0x000070a6       0x2e main.o
                0x000070a6                USART0_Init
 .text.execute_command
                0x000070d4      0x15e main.o
                0x000070d4                execute_command
 .text.uart_putc
                0x00007232       0x22 main.o
                0x00007232                uart_putc
 .text.uart_getc
                0x00007254       0x1c main.o
                0x00007254                uart_getc
 .text.startup.main
                0x00007270       0xec main.o
                0x00007270                main
 .text.libgcc.div
                0x0000735c       0x44 c:/program files (x86)/atmel/atmel toolchain/avr8 gcc/native/3.4.1061/avr8-gnu-toolchain/bin/../lib/gcc/avr/4.8.1/avr5\libgcc.a(_udivmodsi4.o)
                0x0000735c                __udivmodsi4
 .text.avr-libc
                0x000073a0       0x3c c:/program files (x86)/atmel/atmel toolchain/avr8 gcc/native/3.4.1061/avr8-gnu-toolchain/bin/../lib/gcc/avr/4.8.1/../../../../avr/lib/avr5\libc.a(atoi.o)
                0x000073a0                atoi
 .text.avr-libc
                0x000073dc        0xa c:/program files (x86)/atmel/atmel toolchain/avr8 gcc/native/3.4.1061/avr8-gnu-toolchain/bin/../lib/gcc/avr/4.8.1/../../../../avr/lib/avr5\libc.a(strtok.o)
                0x000073dc                strtok
 .text.avr-libc
                0x000073e6       0x12 c:/program files (x86)/atmel/atmel toolchain/avr8 gcc/native/3.4.1061/avr8-gnu-toolchain/bin/../lib/gcc/avr/4.8.1/../../../../avr/lib/avr5\libc.a(strcmp.o)
                0x000073e6                strcmp
 .text.avr-libc
                0x000073f8       0x4e c:/program files (x86)/atmel/atmel toolchain/avr8 gcc/native/3.4.1061/avr8-gnu-toolchain/bin/../lib/gcc/avr/4.8.1/../../../../avr/lib/avr5\libc.a(strtok_r.o)
                0x000073f8                strtok_r
 .text.avr-libc
                0x00007446       0x10 c:/program files (x86)/atmel/atmel toolchain/avr8 gcc/native/3.4.1061/avr8-gnu-toolchain/bin/../lib/gcc/avr/4.8.1/../../../../avr/lib/avr5\libc.a(mul10.o)
                0x00007446                __mulhi_const_10
                0x00007456                . = ALIGN (0x2)
 *(.fini9)
 .fini9         0x00007456        0x0 c:/program files (x86)/atmel/atmel toolchain/avr8 gcc/native/3.4.1061/avr8-gnu-toolchain/bin/../lib/gcc/avr/4.8.1/avr5\libgcc.a(_exit.o)
                0x00007456                _exit
                0x00007456                exit
 *(.fini9)
 *(.fini8)
 *(.fini8)
 *(.fini7)
 *(.fini7)
 *(.fini6)
 *(.fini6)
 *(.fini5)
 *(.fini5)
 *(.fini4)
 *(.fini4)
 *(.fini3)
 *(.fini3)
 *(.fini2)
 *(.fini2)
 *(.fini1)
 *(.fini1)
 *(.fini0)
 .fini0         0x00007456        0x4 c:/program files (x86)/atmel/atmel toolchain/avr8 gcc/native/3.4.1061/avr8-gnu-toolchain/bin/../lib/gcc/avr/4.8.1/avr5\libgcc.a(_exit.o)
 *(.fini0)
                0x0000745a                _etext = .

.data           0x00800100       0x54 load address 0x0000745a
                0x00800100                PROVIDE (__data_start, .)
 *(.data)
 *(.data*)
 *(.rodata)
 *(.rodata*)
 .rodata.str1.1
                0x00800100       0x53 main.o
 *(.gnu.linkonce.d*)
                0x00800154                . = ALIGN (0x2)
 *fill*         0x00800153        0x1 
                0x00800154                _edata = .
                0x00800154                PROVIDE (__data_end, .)

.bss            0x00800154        0x2
                0x00800154                PROVIDE (__bss_start, .)
 *(.bss)
 .bss           0x00800154        0x2 c:/program files (x86)/atmel/atmel toolchain/avr8 gcc/native/3.4.1061/avr8-gnu-toolchain/bin/../lib/gcc/avr/4.8.1/../../../../avr/lib/avr5\libc.a(strtok.o)
 *(.bss*)
 *(COMMON)
                0x00800156                PROVIDE (__bss_end, .)
                0x0000745a                __data_load_start = LOADADDR (.data)
                0x000074ae                __data_load_end = (__data_load_start + SIZEOF (.data))

.noinit         0x00800156        0x0
                0x00800156                PROVIDE (__noinit_start, .)
 *(.noinit*)
                0x00800156                PROVIDE (__noinit_end, .)
                0x00800156                _end = .
                0x00800156                PROVIDE (__heap_start, .)

.eeprom         0x00810000        0x0
 *(.eeprom*)
                0x00810000                __eeprom_end = .

.fuse
 *(.fuse)
 *(.lfuse)
 *(.hfuse)
 *(.efuse)

.lock
 *(.lock*)

.signature
 *(.signature*)

.user_signatures
 *(.user_signatures*)

.stab
 *(.stab)

.stabstr
 *(.stabstr)

.stab.excl
 *(.stab.excl)

.stab.exclstr
 *(.stab.exclstr)

.stab.index
 *(.stab.index)

.stab.indexstr
 *(.stab.indexstr)

.comment        0x00000000       0x30
 *(.comment)
 .comment       0x00000000       0x30 main.o
                                 0x31 (size before relaxing)
 .comment       0x00000000       0x31 c:/program files (x86)/atmel/atmel toolchain/avr8 gcc/native/3.4.1061/avr8-gnu-toolchain/bin/../lib/gcc/avr/4.8.1/../../../../avr/lib/avr5\libc.a(strtok.o)

.note.gnu.build-id
 *(.note.gnu.build-id)

.debug
 *(.debug)

.line
 *(.line)

.debug_srcinfo
 *(.debug_srcinfo)

.debug_sfnames
 *(.debug_sfnames)

.debug_aranges  0x00000000      0x360
 *(.debug_aranges)
 .debug_aranges
                0x00000000      0x360 main.o

.debug_pubnames
 *(.debug_pubnames)

.debug_info     0x00000000     0x2dd3
 *(.debug_info .gnu.linkonce.wi.*)
 .debug_info    0x00000000     0x2dd3 main.o

.debug_abbrev   0x00000000      0x44b
 *(.debug_abbrev)
 .debug_abbrev  0x00000000      0x44b main.o

.debug_line     0x00000000      0xbe9
 *(.debug_line .debug_line.* .debug_line_end)
 .debug_line    0x00000000      0xbe9 main.o

.debug_frame    0x00000000      0x83c
 *(.debug_frame)
 .debug_frame   0x00000000      0x83c main.o

.debug_str      0x00000000      0xe37
 *(.debug_str)
 .debug_str     0x00000000      0xe37 main.o
                                0xea0 (size before relaxing)

.debug_loc      0x00000000     0x1500
 *(.debug_loc)
 .debug_loc     0x00000000     0x1500 main.o

.debug_macinfo
 *(.debug_macinfo)

.debug_weaknames
 *(.debug_weaknames)

.debug_funcnames
 *(.debug_funcnames)

.debug_typenames
 *(.debug_typenames)

.debug_varnames
 *(.debug_varnames)

.debug_pubtypes
 *(.debug_pubtypes)

.debug_ranges   0x00000000      0x368
 *(.debug_ranges)
 .debug_ranges  0x00000000      0x368 main.o

.debug_macro
 *(.debug_macro)
OUTPUT(wireless_bootloader.elf elf32-avr)
LOAD linker stubs
